2026-08-14T21:48:49+10:00 0.267
2026-08-14T21:48:51+10:00 0.253
2026-08-14T21:48:53+10:00 0.254
2026-08-14T21:48:55+10:00 0.240
2026-08-14T21:48:57+10:00 0.277
2026-08-14T22:20:26+10:00 0.276
2026-08-14T22:53:37+10:00 0.220
2026-08-14T23:02:34+10:00 0.335
2026-08-14T23:45:31+10:00 2.835
2026-08-15T00:01:23+10:00 0.266
2026-08-15T00:14:00+10:00 0.149
2026-08-15T00:14:07+10:00 0.270
2026-08-15T00:16:16+10:00 0.230
2026-08-15T00:16:38+10:00 0.186
2026-08-15T00:20:16+10:00 0.314
2026-08-15T00:24:16+10:00 0.210
2026-08-15T00:40:43+10:00 0.260
2026-08-15T01:09:44+10:00 0.260
2026-08-15T01:12:50+10:00 0.220
2026-08-15T01:15:39+10:00 0.338
2026-08-15T01:16:51+10:00 0.222
2026-08-15T10:09:08+10:00 14.217
2026-08-15T11:45:52+10:00 0.218
2026-08-15T12:07:14+10:00 0.221
2026-08-15T12:20:30+10:00 0.236
2026-08-15T12:20:39+10:00 0.176
2026-08-15T12:20:57+10:00 0.224
2026-08-15T12:24:38+10:00 6.182
2026-08-15T12:24:40+10:00 1.555
2026-08-15T12:25:24+10:00 1.364
2026-08-15T12:25:29+10:00 1.221
2026-08-15T13:08:40+10:00 0.259
2026-08-15T15:38:57+10:00 0.525
2026-08-15T15:50:50+10:00 0.716
2026-08-15T15:55:56+10:00 1.192
2026-08-15T15:56:08+10:00 0.219
2026-08-15T16:01:44+10:00 0.236
2026-08-15T16:06:30+10:00 0.922
2026-08-15T16:15:13+10:00 0.256
2026-08-15T16:15:21+10:00 0.231
2026-08-15T16:37:08+10:00 0.294
2026-08-15T17:31:06+10:00 0.251
2026-08-15T17:51:39+10:00 0.221
2026-08-15T22:56:21+10:00 0.725
2026-08-15T23:27:38+10:00 0.647
2026-08-16T01:00:57+10:00 0.222
2026-08-16T12:31:45+10:00 0.224
2026-08-16T17:00:02+10:00 0.240
2026-08-16T17:02:14+10:00 0.219
2026-08-16T17:09:14+10:00 0.258
2026-08-16T17:36:21+10:00 0.231
2026-08-16T17:37:20+10:00 0.164
2026-08-16T18:08:52+10:00 0.257
2026-08-16T19:27:06+10:00 1.433
2026-08-16T20:01:46+10:00 0.269
2026-08-16T21:01:49+10:00 0.173
2026-08-16T21:02:35+10:00 0.287
2026-08-16T23:15:34+10:00 0.215
2026-08-16T23:53:10+10:00 0.244
2026-08-17T00:01:14+10:00 0.257
2026-08-17T09:47:09+10:00 0.392
2026-08-17T10:09:58+10:00 0.194
2026-08-17T10:10:18+10:00 0.252
2026-08-17T11:25:46+10:00 0.780
2026-08-17T11:25:57+10:00 0.837
2026-08-17T22:40:31+10:00 0.321
2026-08-18T00:09:23+10:00 1.414
2026-08-18T09:35:48+10:00 0.858
2026-08-18T09:58:07+10:00 0.858
2026-08-18T11:12:00+10:00 0.917
2026-08-18T13:43:50+10:00 2.242
2026-08-18T14:13:30+10:00 0.206
2026-08-18T14:13:59+10:00 0.212
2026-08-18T14:20:11+10:00 1.484
